Archive member included to satisfy reference by file (symbol)

..\libbip\libbip.a(proxy_import.o)
                              (_start)

Discarded input sections

 .text          0x00000000        0x0 BipStatusbarLib.o
 .data          0x00000000        0x0 BipStatusbarLib.o
 .bss           0x00000000        0x0 BipStatusbarLib.o
 .text          0x00000000        0x0 main.o
 .data          0x00000000        0x0 main.o
 .bss           0x00000000        0x0 main.o
 .data          0x00000000        0x0 ..\libbip\libbip.a(proxy_import.o)
 .bss           0x00000000        0x0 ..\libbip\libbip.a(proxy_import.o)
 .text.intro    0x00000000        0x9 ..\libbip\libbip.a(proxy_import.o)
 .text.text_width
                0x00000000        0xc ..\libbip\libbip.a(proxy_import.o)
 .text.get_text_height
                0x00000000        0xc ..\libbip\libbip.a(proxy_import.o)
 .text.get_last_text_pos_x
                0x00000000        0xc ..\libbip\libbip.a(proxy_import.o)
 .text.draw_horizontal_line
                0x00000000        0xc ..\libbip\libbip.a(proxy_import.o)
 .text.draw_rect
                0x00000000        0xc ..\libbip\libbip.a(proxy_import.o)
 .text.draw_vertical_line
                0x00000000        0xc ..\libbip\libbip.a(proxy_import.o)
 .text.show_res_by_id
                0x00000000        0xc ..\libbip\libbip.a(proxy_import.o)
 .text.draw_rect_or_line
                0x00000000        0xc ..\libbip\libbip.a(proxy_import.o)
 .text.show_poweroff_message
                0x00000000        0xc ..\libbip\libbip.a(proxy_import.o)
 .text.show_options_menu_2nd_screen
                0x00000000        0xc ..\libbip\libbip.a(proxy_import.o)
 .text.show_menu_options
                0x00000000        0xc ..\libbip\libbip.a(proxy_import.o)
 .text.show_menu
                0x00000000        0xc ..\libbip\libbip.a(proxy_import.o)
 .text.show_options_menu_1st_screen
                0x00000000        0xc ..\libbip\libbip.a(proxy_import.o)
 .text.get_res_ret_language
                0x00000000        0xc ..\libbip\libbip.a(proxy_import.o)
 .text._strlen  0x00000000        0xc ..\libbip\libbip.a(proxy_import.o)
 .text._strcmp  0x00000000        0xc ..\libbip\libbip.a(proxy_import.o)
 .text._strcpy  0x00000000        0xc ..\libbip\libbip.a(proxy_import.o)
 .text._strncmp
                0x00000000        0xc ..\libbip\libbip.a(proxy_import.o)
 .text._strncpy
                0x00000000        0xc ..\libbip\libbip.a(proxy_import.o)
 .text._memset  0x00000000        0xc ..\libbip\libbip.a(proxy_import.o)
 .text._memcpy  0x00000000        0xc ..\libbip\libbip.a(proxy_import.o)
 .text._memcmp  0x00000000        0xc ..\libbip\libbip.a(proxy_import.o)
 .text.set_close_timer
                0x00000000        0xc ..\libbip\libbip.a(proxy_import.o)
 .text.log_printf
                0x00000000        0xc ..\libbip\libbip.a(proxy_import.o)
 .text._pvPortMalloc
                0x00000000        0xc ..\libbip\libbip.a(proxy_import.o)
 .text.vPortFree
                0x00000000        0xc ..\libbip\libbip.a(proxy_import.o)
 .text.show_menu_touch_test
                0x00000000        0xc ..\libbip\libbip.a(proxy_import.o)
 .text.show_main_menu_item
                0x00000000        0xc ..\libbip\libbip.a(proxy_import.o)
 .text.show_menu_alipay
                0x00000000        0xc ..\libbip\libbip.a(proxy_import.o)
 .text.keypress_menu_alipay_1st_screen
                0x00000000        0xc ..\libbip\libbip.a(proxy_import.o)
 .text.dispatch_left_side_menu
                0x00000000        0xc ..\libbip\libbip.a(proxy_import.o)
 .text.get_left_side_menu_active
                0x00000000        0xc ..\libbip\libbip.a(proxy_import.o)
 .text.show_big_digit
                0x00000000        0xc ..\libbip\libbip.a(proxy_import.o)
 .text.text_out_font
                0x00000000        0xc ..\libbip\libbip.a(proxy_import.o)
 .text.vTaskDelay
                0x00000000        0xc ..\libbip\libbip.a(proxy_import.o)
 .text.show_alarm_set_screen
                0x00000000        0xc ..\libbip\libbip.a(proxy_import.o)
 .text.dispatch_alarm_set
                0x00000000        0xc ..\libbip\libbip.a(proxy_import.o)
 .text.store_and_enable_alarm
                0x00000000        0xc ..\libbip\libbip.a(proxy_import.o)
 .text.read_flash
                0x00000000        0xc ..\libbip\libbip.a(proxy_import.o)
 .text.write_flash
                0x00000000        0xc ..\libbip\libbip.a(proxy_import.o)
 .text.set_backlight
                0x00000000        0xc ..\libbip\libbip.a(proxy_import.o)
 .text._rand    0x00000000        0xc ..\libbip\libbip.a(proxy_import.o)
 .text._srand   0x00000000        0xc ..\libbip\libbip.a(proxy_import.o)
 .text.stm32_soft_reset
                0x00000000        0xc ..\libbip\libbip.a(proxy_import.o)
 .text.iwdg_reboot
                0x00000000        0xc ..\libbip\libbip.a(proxy_import.o)
 .text.get_last_heartrate
                0x00000000        0xc ..\libbip\libbip.a(proxy_import.o)
 .text.set_hrm_mode
                0x00000000        0xc ..\libbip\libbip.a(proxy_import.o)
 .text.get_hrm_struct
                0x00000000        0xc ..\libbip\libbip.a(proxy_import.o)
 .text.get_res_string_by_id
                0x00000000        0xc ..\libbip\libbip.a(proxy_import.o)
 .text.set_left_side_menu_active
                0x00000000        0xc ..\libbip\libbip.a(proxy_import.o)
 .text.is_gps_fixed
                0x00000000        0xc ..\libbip\libbip.a(proxy_import.o)
 .text.switch_gps_pressure_sensors
                0x00000000        0xc ..\libbip\libbip.a(proxy_import.o)
 .text.get_navi_data
                0x00000000        0xc ..\libbip\libbip.a(proxy_import.o)
 .text.add_notification
                0x00000000        0xc ..\libbip\libbip.a(proxy_import.o)
 .text.create_and_show_notification
                0x00000000        0xc ..\libbip\libbip.a(proxy_import.o)
 .text.get_current_timestamp
                0x00000000        0xc ..\libbip\libbip.a(proxy_import.o)
 .text.f_log_flush
                0x00000000        0xc ..\libbip\libbip.a(proxy_import.o)
 .text.silence_page_create_frame
                0x00000000        0xc ..\libbip\libbip.a(proxy_import.o)
 .text.get_selected_locale
                0x00000000        0xc ..\libbip\libbip.a(proxy_import.o)
 .text.get_stored_lang
                0x00000000        0xc ..\libbip\libbip.a(proxy_import.o)
 .text.store_selected_lang
                0x00000000        0xc ..\libbip\libbip.a(proxy_import.o)
 .text.get_system_locale
                0x00000000        0xc ..\libbip\libbip.a(proxy_import.o)
 .text.draw_progressbar
                0x00000000        0xc ..\libbip\libbip.a(proxy_import.o)
 .text.dump_mem
                0x00000000        0xc ..\libbip\libbip.a(proxy_import.o)
 .text.get_res_count
                0x00000000        0xc ..\libbip\libbip.a(proxy_import.o)
 .text.read_res_by_id
                0x00000000        0xc ..\libbip\libbip.a(proxy_import.o)
 .text.add_menu_item
                0x00000000        0xc ..\libbip\libbip.a(proxy_import.o)
 .text.clear_menu
                0x00000000        0xc ..\libbip\libbip.a(proxy_import.o)
 .text.draw_menu
                0x00000000        0xc ..\libbip\libbip.a(proxy_import.o)
 .text.dispatch_menu
                0x00000000        0xc ..\libbip\libbip.a(proxy_import.o)
 .text.push_ret_f
                0x00000000        0xc ..\libbip\libbip.a(proxy_import.o)
 .text.pop_ret_f
                0x00000000        0xc ..\libbip\libbip.a(proxy_import.o)
 .text.get_fw_version
                0x00000000        0xc ..\libbip\libbip.a(proxy_import.o)
 .text.load_elf_by_name
                0x00000000        0xc ..\libbip\libbip.a(proxy_import.o)
 .text.init_elf_loader
                0x00000000        0xc ..\libbip\libbip.a(proxy_import.o)
 .text.ElfReadSettings
                0x00000000        0xc ..\libbip\libbip.a(proxy_import.o)
 .text.ElfWriteSettings
                0x00000000        0xc ..\libbip\libbip.a(proxy_import.o)
 .text.ElfGetSettingsSize
                0x00000000        0xc ..\libbip\libbip.a(proxy_import.o)
 .text.read_elf_res_by_id
                0x00000000        0xc ..\libbip\libbip.a(proxy_import.o)
 .text.get_var_current_screen
                0x00000000        0xc ..\libbip\libbip.a(proxy_import.o)
 .text.set_var_current_screen
                0x00000000        0xc ..\libbip\libbip.a(proxy_import.o)
 .text.get_var_swipe_screen_active_number
                0x00000000        0xc ..\libbip\libbip.a(proxy_import.o)
 .text.set_var_swipe_screen_active_number
                0x00000000        0xc ..\libbip\libbip.a(proxy_import.o)
 .text.get_var_menu_overlay
                0x00000000        0xc ..\libbip\libbip.a(proxy_import.o)
 .text.set_var_menu_overlay
                0x00000000        0xc ..\libbip\libbip.a(proxy_import.o)
 .text.get_ptr_menu_dispatch_func
                0x00000000        0xc ..\libbip\libbip.a(proxy_import.o)
 .text.set_ptr_menu_dispatch_func
                0x00000000        0xc ..\libbip\libbip.a(proxy_import.o)
 .text.get_ptr_key_press_func
                0x00000000        0xc ..\libbip\libbip.a(proxy_import.o)
 .text.set_ptr_key_press_func
                0x00000000        0xc ..\libbip\libbip.a(proxy_import.o)
 .text.get_ptr_screen_job_func
                0x00000000        0xc ..\libbip\libbip.a(proxy_import.o)
 .text.set_ptr_screen_job_func
                0x00000000        0xc ..\libbip\libbip.a(proxy_import.o)
 .text.get_ptr_temp_buf_1
                0x00000000        0xc ..\libbip\libbip.a(proxy_import.o)
 .text.get_ptr_show_menu_func
                0x00000000        0xc ..\libbip\libbip.a(proxy_import.o)
 .text.set_ptr_show_menu_func
                0x00000000        0xc ..\libbip\libbip.a(proxy_import.o)
 .text.get_ptr_long_key_press_func
                0x00000000        0xc ..\libbip\libbip.a(proxy_import.o)
 .text.set_ptr_long_key_press_func
                0x00000000        0xc ..\libbip\libbip.a(proxy_import.o)
 .text.get_var_left_side_menu_active
                0x00000000        0xc ..\libbip\libbip.a(proxy_import.o)
 .text.get_var_free_ram
                0x00000000        0xc ..\libbip\libbip.a(proxy_import.o)
 .text.get_ptr_screen_memory
                0x00000000        0xc ..\libbip\libbip.a(proxy_import.o)
 .text.get_ptr_free_list
                0x00000000        0xc ..\libbip\libbip.a(proxy_import.o)
 .text.outro    0x00000000        0xe ..\libbip\libbip.a(proxy_import.o)

Memory Configuration

Name             Origin             Length             Attributes
*default*        0x00000000         0xffffffff

Linker script and memory map

LOAD BipStatusbarLib.o
LOAD main.o
LOAD D:\1Projects\1WORK\hobby-amazfit-bip\buildtools\arm-none-eabi\lib\thumb\v7e-m+fp\hard\libm.a
LOAD D:\1Projects\1WORK\hobby-amazfit-bip\buildtools\arm-none-eabi\lib\thumb\v7e-m+fp\hard\libc.a
LOAD ..\libbip\libbip.a
                [!provide]                PROVIDE (__executable_start = SEGMENT_START ("text-segment", 0x8000))
                0x00008000                . = SEGMENT_START ("text-segment", 0x8000)

.interp         0x00008000       0x11
 *(.interp)
 .interp        0x00008000       0x11 BipStatusbarLib.o

.note.gnu.build-id
 *(.note.gnu.build-id)

.hash           0x00008014       0x18
 *(.hash)
 .hash          0x00008014       0x18 BipStatusbarLib.o

.gnu.hash
 *(.gnu.hash)

.dynsym         0x0000802c       0x30
 *(.dynsym)
 .dynsym        0x0000802c       0x30 BipStatusbarLib.o

.dynstr         0x0000805c        0x1
 *(.dynstr)
 .dynstr        0x0000805c        0x1 BipStatusbarLib.o

.gnu.version    0x0000805e        0x0
 *(.gnu.version)
 .gnu.version   0x0000805e        0x0 BipStatusbarLib.o

.gnu.version_d  0x00008060        0x0
 *(.gnu.version_d)
 .gnu.version_d
                0x00008060        0x0 BipStatusbarLib.o

.gnu.version_r  0x00008060        0x0
 *(.gnu.version_r)
 .gnu.version_r
                0x00008060        0x0 BipStatusbarLib.o

.rel.init
 *(.rel.init)

.rela.init
 *(.rela.init)

.rel.text       0x00008060        0x8
 *(.rel.text .rel.text.* .rel.gnu.linkonce.t.*)
 .rel.text      0x00008060        0x8 BipStatusbarLib.o

.rela.text
 *(.rela.text .rela.text.* .rela.gnu.linkonce.t.*)

.rel.fini
 *(.rel.fini)

.rela.fini
 *(.rela.fini)

.rel.rodata
 *(.rel.rodata .rel.rodata.* .rel.gnu.linkonce.r.*)

.rela.rodata
 *(.rela.rodata .rela.rodata.* .rela.gnu.linkonce.r.*)

.rel.data.rel.ro
                0x00008068        0x0
 *(.rel.data.rel.ro .rel.data.rel.ro.* .rel.gnu.linkonce.d.rel.ro.*)
 .rel.data.rel.ro
                0x00008068        0x0 BipStatusbarLib.o

.rela.data.rel.ro
 *(.rela.data.rel.ro .rela.data.rel.ro.* .rela.gnu.linkonce.d.rel.ro.*)

.rel.data       0x00008068       0x20
 *(.rel.data .rel.data.* .rel.gnu.linkonce.d.*)
 .rel.data.rel.screen_data
                0x00008068       0x20 BipStatusbarLib.o

.rela.data
 *(.rela.data .rela.data.* .rela.gnu.linkonce.d.*)

.rel.tdata
 *(.rel.tdata .rel.tdata.* .rel.gnu.linkonce.td.*)

.rela.tdata
 *(.rela.tdata .rela.tdata.* .rela.gnu.linkonce.td.*)

.rel.tbss
 *(.rel.tbss .rel.tbss.* .rel.gnu.linkonce.tb.*)

.rela.tbss
 *(.rela.tbss .rela.tbss.* .rela.gnu.linkonce.tb.*)

.rel.ctors
 *(.rel.ctors)

.rela.ctors
 *(.rela.ctors)

.rel.dtors
 *(.rel.dtors)

.rela.dtors
 *(.rela.dtors)

.rel.got        0x00008088       0x18
 *(.rel.got)
 .rel.got       0x00008088       0x18 BipStatusbarLib.o

.rela.got
 *(.rela.got)

.rel.bss        0x000080a0        0x0
 *(.rel.bss .rel.bss.* .rel.gnu.linkonce.b.*)
 .rel.bss       0x000080a0        0x0 BipStatusbarLib.o

.rela.bss
 *(.rela.bss .rela.bss.* .rela.gnu.linkonce.b.*)

.rel.iplt       0x000080a0        0x0
                [!provide]                PROVIDE (__rel_iplt_start = .)
 *(.rel.iplt)
 .rel.iplt      0x000080a0        0x0 BipStatusbarLib.o
                [!provide]                PROVIDE (__rel_iplt_end = .)

.rela.iplt      0x000080a0        0x0
                [!provide]                PROVIDE (__rela_iplt_start = .)
 *(.rela.iplt)
                [!provide]                PROVIDE (__rela_iplt_end = .)

.rel.plt        0x000080a0        0x0
 *(.rel.plt)
 .rel.plt       0x000080a0        0x0 BipStatusbarLib.o

.rela.plt
 *(.rela.plt)

.init
 *(SORT_NONE(.init))

.plt            0x000080a0        0x0
 *(.plt)
 .plt           0x000080a0        0x0 BipStatusbarLib.o

.iplt           0x000080a0        0x0
 *(.iplt)
 .iplt          0x000080a0        0x0 BipStatusbarLib.o

.text           0x000080a0      0xa08
 *(.text.unlikely .text.*_unlikely .text.unlikely.*)
 *(.text.exit .text.exit.*)
 *(.text.startup .text.startup.*)
 .text.startup.main
                0x000080a0        0xa main.o
                0x000080a0                main
 *(.text.hot .text.hot.*)
 *(.text .stub .text.* .gnu.linkonce.t.*)
 *fill*         0x000080aa        0x2 
 .text.show_statusbar
                0x000080ac      0x168 BipStatusbarLib.o
                0x000080ac                show_statusbar
 .text.check_touch_in_range
                0x00008214       0x24 main.o
                0x00008214                check_touch_in_range
 .text.switch_dnd_mode
                0x00008238       0x3a main.o
                0x00008238                switch_dnd_mode
 *fill*         0x00008272        0x2 
 .text.draw_custom_button
                0x00008274       0x40 main.o
                0x00008274                draw_custom_button
 .text.draw_screen_main
                0x000082b4       0x74 main.o
                0x000082b4                draw_screen_main
 .text.draw_screen_music
                0x00008328       0x2e main.o
                0x00008328                draw_screen_music
 .text.draw_screen_flash
                0x00008356       0x1c main.o
                0x00008356                draw_screen_flash
 .text.update_animation
                0x00008372       0x40 main.o
                0x00008372                update_animation
 .text.send_music_command
                0x000083b2       0x30 main.o
                0x000083b2                send_music_command
 *fill*         0x000083e2        0x2 
 .text.set_flash_light_mode
                0x000083e4       0x34 main.o
                0x000083e4                set_flash_light_mode
 .text.key_press_screen
                0x00008418       0x44 main.o
                0x00008418                key_press_screen
 .text.should_update_status
                0x0000845c       0x34 main.o
                0x0000845c                should_update_status
 .text.vib      0x00008490        0xa main.o
                0x00008490                vib
 *fill*         0x0000849a        0x2 
 .text.click_custom_btn
                0x0000849c       0x48 main.o
                0x0000849c                click_custom_btn
 .text.click_find_phone
                0x000084e4       0x20 main.o
                0x000084e4                click_find_phone
 .text.draw_screen
                0x00008504       0xba main.o
                0x00008504                draw_screen
 *fill*         0x000085be        0x2 
 .text.show_screen
                0x000085c0       0xa0 main.o
                0x000085c0                show_screen
 .text.screen_job
                0x00008660       0x2e main.o
                0x00008660                screen_job
 .text.switch_to_screen
                0x0000868e       0x40 main.o
                0x0000868e                switch_to_screen
 .text.click_music_btn
                0x000086ce       0x24 main.o
                0x000086ce                click_music_btn
 *fill*         0x000086f2        0x2 
 .text.dispatch_screen
                0x000086f4      0x1ec main.o
                0x000086f4                dispatch_screen
 .text          0x000088e0        0xc ..\libbip\libbip.a(proxy_import.o)
                0x000088e0                _start
 .text.text_out
                0x000088ec        0xc ..\libbip\libbip.a(proxy_import.o)
                0x000088ec                text_out
 .text.text_out_center
                0x000088f8        0xc ..\libbip\libbip.a(proxy_import.o)
                0x000088f8                text_out_center
 .text.set_bg_color
                0x00008904        0xc ..\libbip\libbip.a(proxy_import.o)
                0x00008904                set_bg_color
 .text.set_fg_color
                0x00008910        0xc ..\libbip\libbip.a(proxy_import.o)
                0x00008910                set_fg_color
 .text.draw_filled_rect
                0x0000891c        0xc ..\libbip\libbip.a(proxy_import.o)
                0x0000891c                draw_filled_rect
 .text.fill_screen_bg
                0x00008928        0xc ..\libbip\libbip.a(proxy_import.o)
                0x00008928                fill_screen_bg
 .text.set_graph_callback_to_ram_1
                0x00008934        0xc ..\libbip\libbip.a(proxy_import.o)
                0x00008934                set_graph_callback_to_ram_1
 .text.draw_filled_rect_bg
                0x00008940        0xc ..\libbip\libbip.a(proxy_import.o)
                0x00008940                draw_filled_rect_bg
 .text.repaint_screen_lines
                0x0000894c        0xc ..\libbip\libbip.a(proxy_import.o)
                0x0000894c                repaint_screen_lines
 .text.repaint_screen
                0x00008958        0xc ..\libbip\libbip.a(proxy_import.o)
                0x00008958                repaint_screen
 .text.reg_menu
                0x00008964        0xc ..\libbip\libbip.a(proxy_import.o)
                0x00008964                reg_menu
 .text.show_menu_animate
                0x00008970        0xc ..\libbip\libbip.a(proxy_import.o)
                0x00008970                show_menu_animate
 .text.load_font
                0x0000897c        0xc ..\libbip\libbip.a(proxy_import.o)
                0x0000897c                load_font
 .text._sprintf
                0x00008988        0xc ..\libbip\libbip.a(proxy_import.o)
                0x00008988                _sprintf
 .text._memclr  0x00008994        0xc ..\libbip\libbip.a(proxy_import.o)
                0x00008994                _memclr
 .text.get_tick_count
                0x000089a0        0xc ..\libbip\libbip.a(proxy_import.o)
                0x000089a0                get_tick_count
 .text.set_update_period
                0x000089ac        0xc ..\libbip\libbip.a(proxy_import.o)
                0x000089ac                set_update_period
 .text.set_display_state_value
                0x000089b8        0xc ..\libbip\libbip.a(proxy_import.o)
                0x000089b8                set_display_state_value
 .text.vibrate  0x000089c4        0xc ..\libbip\libbip.a(proxy_import.o)
                0x000089c4                vibrate
 .text.get_current_date_time
                0x000089d0        0xc ..\libbip\libbip.a(proxy_import.o)
                0x000089d0                get_current_date_time
 .text.show_watchface
                0x000089dc        0xc ..\libbip\libbip.a(proxy_import.o)
                0x000089dc                show_watchface
 .text.get_generic_data
                0x000089e8        0xc ..\libbip\libbip.a(proxy_import.o)
                0x000089e8                get_generic_data
 .text.set_generic_data
                0x000089f4        0xc ..\libbip\libbip.a(proxy_import.o)
                0x000089f4                set_generic_data
 .text.get_backlight_value
                0x00008a00        0xc ..\libbip\libbip.a(proxy_import.o)
                0x00008a00                get_backlight_value
 .text.set_backlight_percent
                0x00008a0c        0xc ..\libbip\libbip.a(proxy_import.o)
                0x00008a0c                set_backlight_percent
 .text.set_backlight_state
                0x00008a18        0xc ..\libbip\libbip.a(proxy_import.o)
                0x00008a18                set_backlight_state
 .text.send_host_app_msg
                0x00008a24        0xc ..\libbip\libbip.a(proxy_import.o)
                0x00008a24                send_host_app_msg
 .text.send_host_app_data
                0x00008a30        0xc ..\libbip\libbip.a(proxy_import.o)
                0x00008a30                send_host_app_data
 .text.check_app_state
                0x00008a3c        0xc ..\libbip\libbip.a(proxy_import.o)
                0x00008a3c                check_app_state
 .text.get_battery_charge
                0x00008a48        0xc ..\libbip\libbip.a(proxy_import.o)
                0x00008a48                get_battery_charge
 .text.pvPortMalloc
                0x00008a54        0xc ..\libbip\libbip.a(proxy_import.o)
                0x00008a54                pvPortMalloc
 .text.load_elf_by_index
                0x00008a60        0xc ..\libbip\libbip.a(proxy_import.o)
                0x00008a60                load_elf_by_index
 .text.elf_finish
                0x00008a6c        0xc ..\libbip\libbip.a(proxy_import.o)
                0x00008a6c                elf_finish
 .text.show_elf_res_by_id
                0x00008a78        0xc ..\libbip\libbip.a(proxy_import.o)
                0x00008a78                show_elf_res_by_id
 .text.get_res_params
                0x00008a84        0xc ..\libbip\libbip.a(proxy_import.o)
                0x00008a84                get_res_params
 .text.get_proc_by_addr
                0x00008a90        0xc ..\libbip\libbip.a(proxy_import.o)
                0x00008a90                get_proc_by_addr
 .text.get_ptr_temp_buf_2
                0x00008a9c        0xc ..\libbip\libbip.a(proxy_import.o)
                0x00008a9c                get_ptr_temp_buf_2
 *(.gnu.warning)
 *(.glue_7t)
 .glue_7t       0x00008aa8        0x0 linker stubs
 *(.glue_7)
 .glue_7        0x00008aa8        0x0 linker stubs
 *(.vfp11_veneer)
 .vfp11_veneer  0x00008aa8        0x0 linker stubs
 *(.v4_bx)
 .v4_bx         0x00008aa8        0x0 linker stubs

.fini
 *(SORT_NONE(.fini))
                [!provide]                PROVIDE (__etext = .)
                [!provide]                PROVIDE (_etext = .)
                [!provide]                PROVIDE (etext = .)

.rodata         0x00008aa8       0x1f
 *(.rodata .rodata.* .gnu.linkonce.r.*)
 .rodata.show_statusbar.str1.1
                0x00008aa8       0x19 BipStatusbarLib.o
 .rodata.backlight_percent
                0x00008ac1        0x6 main.o

.rodata1
 *(.rodata1)

.ARM.extab
 *(.ARM.extab* .gnu.linkonce.armextab.*)
                [!provide]                PROVIDE (__exidx_start = .)

.ARM.exidx
 *(.ARM.exidx* .gnu.linkonce.armexidx.*)
                [!provide]                PROVIDE (__exidx_end = .)

.eh_frame_hdr
 *(.eh_frame_hdr)
 *(.eh_frame_entry .eh_frame_entry.*)

.eh_frame
 *(.eh_frame)
 *(.eh_frame.*)

.gcc_except_table
 *(.gcc_except_table .gcc_except_table.*)

.gnu_extab
 *(.gnu_extab*)

.exception_ranges
 *(.exception_ranges*)
                0x00008ac7                . = .

.eh_frame
 *(.eh_frame)
 *(.eh_frame.*)

.gnu_extab
 *(.gnu_extab)

.gcc_except_table
 *(.gcc_except_table .gcc_except_table.*)

.exception_ranges
 *(.exception_ranges*)

.tdata          0x00008ac7        0x0
                [!provide]                PROVIDE (__tdata_start = .)
 *(.tdata .tdata.* .gnu.linkonce.td.*)

.tbss
 *(.tbss .tbss.* .gnu.linkonce.tb.*)
 *(.tcommon)

.preinit_array  0x00008ac7        0x0
                [!provide]                PROVIDE (__preinit_array_start = .)
 *(.preinit_array)
                [!provide]                PROVIDE (__preinit_array_end = .)

.init_array     0x00008ac7        0x0
                [!provide]                PROVIDE (__init_array_start = .)
 *(SORT_BY_INIT_PRIORITY(.init_array.*) SORT_BY_INIT_PRIORITY(.ctors.*))
 *(.init_array EXCLUDE_FILE(*crtend?.o *crtend.o *crtbegin?.o *crtbegin.o) .ctors)
                [!provide]                PROVIDE (__init_array_end = .)

.fini_array     0x00008ac7        0x0
                [!provide]                PROVIDE (__fini_array_start = .)
 *(SORT_BY_INIT_PRIORITY(.fini_array.*) SORT_BY_INIT_PRIORITY(.dtors.*))
 *(.fini_array EXCLUDE_FILE(*crtend?.o *crtend.o *crtbegin?.o *crtbegin.o) .dtors)
                [!provide]                PROVIDE (__fini_array_end = .)

.ctors
 *crtbegin.o(.ctors)
 *crtbegin?.o(.ctors)
 *(EXCLUDE_FILE(*crtend?.o *crtend.o) .ctors)
 *(SORT_BY_NAME(.ctors.*))
 *(.ctors)

.dtors
 *crtbegin.o(.dtors)
 *crtbegin?.o(.dtors)
 *(EXCLUDE_FILE(*crtend?.o *crtend.o) .dtors)
 *(SORT_BY_NAME(.dtors.*))
 *(.dtors)

.jcr
 *(.jcr)

.data.rel.ro    0x00008ac7        0x0
 *(.data.rel.ro.local* .gnu.linkonce.d.rel.ro.local.*)
 *(.data.rel.ro .data.rel.ro.* .gnu.linkonce.d.rel.ro.*)
 .data.rel.ro   0x00008ac7        0x0 BipStatusbarLib.o

.dynamic        0x00008ac8       0x80
 *(.dynamic)
 .dynamic       0x00008ac8       0x80 BipStatusbarLib.o
                0x00008ac8                _DYNAMIC

.got            0x00008b48       0x18
 *(.got.plt)
 .got.plt       0x00008b48        0xc BipStatusbarLib.o
                0x00008b48                _GLOBAL_OFFSET_TABLE_
 *(.igot.plt)
 .igot.plt      0x00008b54        0x0 BipStatusbarLib.o
 *(.got)
 .got           0x00008b54        0xc BipStatusbarLib.o
 *(.igot)

.data           0x00008b60       0x20
                0x00008b60                __data_start = .
 *(.data .data.* .gnu.linkonce.d.*)
 .data.rel.screen_data
                0x00008b60       0x20 main.o
                0x00008b60                screen_data

.data1
 *(.data1)
                0x00008b80                _edata = .
                [!provide]                PROVIDE (edata = .)
                0x00008b80                . = .
                0x00008b80                __bss_start = .
                0x00008b80                __bss_start__ = .

.bss            0x00008b80        0x0
 *(.dynbss)
 .dynbss        0x00008b80        0x0 BipStatusbarLib.o
 *(.bss .bss.* .gnu.linkonce.b.*)
 *(COMMON)
                0x00008b80                . = ALIGN ((. != 0x0)?0x4:0x1)
                0x00008b80                _bss_end__ = .
                0x00008b80                __bss_end__ = .
                0x00008b80                . = ALIGN (0x4)
                0x00008b80                . = SEGMENT_START ("ldata-segment", .)
                0x00008b80                . = ALIGN (0x4)
                0x00008b80                __end__ = .
                0x00008b80                _end = .
                [!provide]                PROVIDE (end = .)

.stack          0x00080000        0x0
                0x00080000                _stack = .
 *(.stack)

.stab
 *(.stab)

.stabstr
 *(.stabstr)

.stab.excl
 *(.stab.excl)

.stab.exclstr
 *(.stab.exclstr)

.stab.index
 *(.stab.index)

.stab.indexstr
 *(.stab.indexstr)

.comment        0x00000000       0x79
 *(.comment)
 .comment       0x00000000       0x79 BipStatusbarLib.o
                                 0x7a (size before relaxing)
 .comment       0x00000079       0x7a main.o

.gnu.build.attributes
 *(.gnu.build.attributes .gnu.build.attributes.*)

.debug
 *(.debug)

.line
 *(.line)

.debug_srcinfo
 *(.debug_srcinfo)

.debug_sfnames
 *(.debug_sfnames)

.debug_aranges
 *(.debug_aranges)

.debug_pubnames
 *(.debug_pubnames)

.debug_info
 *(.debug_info .gnu.linkonce.wi.*)

.debug_abbrev
 *(.debug_abbrev)

.debug_line
 *(.debug_line .debug_line.* .debug_line_end)

.debug_frame
 *(.debug_frame)

.debug_str
 *(.debug_str)

.debug_loc
 *(.debug_loc)

.debug_macinfo
 *(.debug_macinfo)

.debug_weaknames
 *(.debug_weaknames)

.debug_funcnames
 *(.debug_funcnames)

.debug_typenames
 *(.debug_typenames)

.debug_varnames
 *(.debug_varnames)

.debug_pubtypes
 *(.debug_pubtypes)

.debug_ranges
 *(.debug_ranges)

.debug_macro
 *(.debug_macro)

.debug_addr
 *(.debug_addr)

.ARM.attributes
                0x00000000       0x32
 *(.ARM.attributes)
 .ARM.attributes
                0x00000000       0x34 BipStatusbarLib.o
 .ARM.attributes
                0x00000034       0x34 main.o
 .ARM.attributes
                0x00000068       0x21 ..\libbip\libbip.a(proxy_import.o)
 *(.gnu.attributes)

.note.gnu.arm.ident
 *(.note.gnu.arm.ident)

.noinit         0x00008b80        0x0
                0x00008b80                . = ALIGN (0x2)
                [!provide]                PROVIDE (__noinit_start = .)
 *(.noinit)
                0x00008b80                . = ALIGN (0x2)
                [!provide]                PROVIDE (__noinit_end = .)

/DISCARD/
 *(.note.GNU-stack)
 *(.gnu_debuglink)
 *(.gnu.lto_*)
OUTPUT(hook_dnd.elf elf32-littlearm)

Cross Reference Table

Symbol                                            File
ElfGetSettingsSize                                ..\libbip\libbip.a(proxy_import.o)
ElfReadSettings                                   ..\libbip\libbip.a(proxy_import.o)
ElfWriteSettings                                  ..\libbip\libbip.a(proxy_import.o)
_DYNAMIC                                          BipStatusbarLib.o
_GLOBAL_OFFSET_TABLE_                             BipStatusbarLib.o
                                                  main.o
_memclr                                           ..\libbip\libbip.a(proxy_import.o)
                                                  main.o
_memcmp                                           ..\libbip\libbip.a(proxy_import.o)
_memcpy                                           ..\libbip\libbip.a(proxy_import.o)
_memset                                           ..\libbip\libbip.a(proxy_import.o)
_pvPortMalloc                                     ..\libbip\libbip.a(proxy_import.o)
_rand                                             ..\libbip\libbip.a(proxy_import.o)
_sprintf                                          ..\libbip\libbip.a(proxy_import.o)
                                                  BipStatusbarLib.o
_srand                                            ..\libbip\libbip.a(proxy_import.o)
_start                                            ..\libbip\libbip.a(proxy_import.o)
_strcmp                                           ..\libbip\libbip.a(proxy_import.o)
_strcpy                                           ..\libbip\libbip.a(proxy_import.o)
_strlen                                           ..\libbip\libbip.a(proxy_import.o)
_strncmp                                          ..\libbip\libbip.a(proxy_import.o)
_strncpy                                          ..\libbip\libbip.a(proxy_import.o)
add_menu_item                                     ..\libbip\libbip.a(proxy_import.o)
add_notification                                  ..\libbip\libbip.a(proxy_import.o)
check_app_state                                   ..\libbip\libbip.a(proxy_import.o)
                                                  main.o
                                                  BipStatusbarLib.o
check_touch_in_range                              main.o
clear_menu                                        ..\libbip\libbip.a(proxy_import.o)
click_custom_btn                                  main.o
click_find_phone                                  main.o
click_music_btn                                   main.o
create_and_show_notification                      ..\libbip\libbip.a(proxy_import.o)
dispatch_alarm_set                                ..\libbip\libbip.a(proxy_import.o)
dispatch_left_side_menu                           ..\libbip\libbip.a(proxy_import.o)
dispatch_menu                                     ..\libbip\libbip.a(proxy_import.o)
dispatch_screen                                   main.o
draw_custom_button                                main.o
draw_filled_rect                                  ..\libbip\libbip.a(proxy_import.o)
                                                  main.o
draw_filled_rect_bg                               ..\libbip\libbip.a(proxy_import.o)
                                                  BipStatusbarLib.o
draw_horizontal_line                              ..\libbip\libbip.a(proxy_import.o)
draw_menu                                         ..\libbip\libbip.a(proxy_import.o)
draw_progressbar                                  ..\libbip\libbip.a(proxy_import.o)
draw_rect                                         ..\libbip\libbip.a(proxy_import.o)
draw_rect_or_line                                 ..\libbip\libbip.a(proxy_import.o)
draw_screen                                       main.o
draw_screen_flash                                 main.o
draw_screen_main                                  main.o
draw_screen_music                                 main.o
draw_vertical_line                                ..\libbip\libbip.a(proxy_import.o)
dump_mem                                          ..\libbip\libbip.a(proxy_import.o)
elf_finish                                        ..\libbip\libbip.a(proxy_import.o)
                                                  main.o
f_log_flush                                       ..\libbip\libbip.a(proxy_import.o)
fill_screen_bg                                    ..\libbip\libbip.a(proxy_import.o)
                                                  main.o
get_backlight_value                               ..\libbip\libbip.a(proxy_import.o)
                                                  main.o
get_battery_charge                                ..\libbip\libbip.a(proxy_import.o)
                                                  BipStatusbarLib.o
get_current_date_time                             ..\libbip\libbip.a(proxy_import.o)
                                                  main.o
                                                  BipStatusbarLib.o
get_current_timestamp                             ..\libbip\libbip.a(proxy_import.o)
get_fw_version                                    ..\libbip\libbip.a(proxy_import.o)
get_generic_data                                  ..\libbip\libbip.a(proxy_import.o)
                                                  main.o
get_hrm_struct                                    ..\libbip\libbip.a(proxy_import.o)
get_last_heartrate                                ..\libbip\libbip.a(proxy_import.o)
get_last_text_pos_x                               ..\libbip\libbip.a(proxy_import.o)
get_left_side_menu_active                         ..\libbip\libbip.a(proxy_import.o)
get_navi_data                                     ..\libbip\libbip.a(proxy_import.o)
get_proc_by_addr                                  ..\libbip\libbip.a(proxy_import.o)
                                                  main.o
get_ptr_free_list                                 ..\libbip\libbip.a(proxy_import.o)
get_ptr_key_press_func                            ..\libbip\libbip.a(proxy_import.o)
get_ptr_long_key_press_func                       ..\libbip\libbip.a(proxy_import.o)
get_ptr_menu_dispatch_func                        ..\libbip\libbip.a(proxy_import.o)
get_ptr_screen_job_func                           ..\libbip\libbip.a(proxy_import.o)
get_ptr_screen_memory                             ..\libbip\libbip.a(proxy_import.o)
get_ptr_show_menu_func                            ..\libbip\libbip.a(proxy_import.o)
get_ptr_temp_buf_1                                ..\libbip\libbip.a(proxy_import.o)
get_ptr_temp_buf_2                                ..\libbip\libbip.a(proxy_import.o)
                                                  main.o
get_res_count                                     ..\libbip\libbip.a(proxy_import.o)
get_res_params                                    ..\libbip\libbip.a(proxy_import.o)
                                                  main.o
get_res_ret_language                              ..\libbip\libbip.a(proxy_import.o)
get_res_string_by_id                              ..\libbip\libbip.a(proxy_import.o)
get_selected_locale                               ..\libbip\libbip.a(proxy_import.o)
get_stored_lang                                   ..\libbip\libbip.a(proxy_import.o)
get_system_locale                                 ..\libbip\libbip.a(proxy_import.o)
get_text_height                                   ..\libbip\libbip.a(proxy_import.o)
get_tick_count                                    ..\libbip\libbip.a(proxy_import.o)
                                                  main.o
get_var_current_screen                            ..\libbip\libbip.a(proxy_import.o)
get_var_free_ram                                  ..\libbip\libbip.a(proxy_import.o)
get_var_left_side_menu_active                     ..\libbip\libbip.a(proxy_import.o)
get_var_menu_overlay                              ..\libbip\libbip.a(proxy_import.o)
get_var_swipe_screen_active_number                ..\libbip\libbip.a(proxy_import.o)
init_elf_loader                                   ..\libbip\libbip.a(proxy_import.o)
is_gps_fixed                                      ..\libbip\libbip.a(proxy_import.o)
iwdg_reboot                                       ..\libbip\libbip.a(proxy_import.o)
key_press_screen                                  main.o
keypress_menu_alipay_1st_screen                   ..\libbip\libbip.a(proxy_import.o)
load_elf_by_index                                 ..\libbip\libbip.a(proxy_import.o)
                                                  main.o
load_elf_by_name                                  ..\libbip\libbip.a(proxy_import.o)
load_font                                         ..\libbip\libbip.a(proxy_import.o)
                                                  main.o
log_printf                                        ..\libbip\libbip.a(proxy_import.o)
main                                              main.o
                                                  ..\libbip\libbip.a(proxy_import.o)
pop_ret_f                                         ..\libbip\libbip.a(proxy_import.o)
push_ret_f                                        ..\libbip\libbip.a(proxy_import.o)
pvPortMalloc                                      ..\libbip\libbip.a(proxy_import.o)
                                                  main.o
read_elf_res_by_id                                ..\libbip\libbip.a(proxy_import.o)
read_flash                                        ..\libbip\libbip.a(proxy_import.o)
read_res_by_id                                    ..\libbip\libbip.a(proxy_import.o)
reg_menu                                          ..\libbip\libbip.a(proxy_import.o)
                                                  main.o
repaint_screen                                    ..\libbip\libbip.a(proxy_import.o)
                                                  main.o
repaint_screen_lines                              ..\libbip\libbip.a(proxy_import.o)
                                                  main.o
screen_data                                       main.o
screen_job                                        main.o
send_host_app_data                                ..\libbip\libbip.a(proxy_import.o)
                                                  main.o
send_host_app_msg                                 ..\libbip\libbip.a(proxy_import.o)
                                                  main.o
send_music_command                                main.o
set_backlight                                     ..\libbip\libbip.a(proxy_import.o)
set_backlight_percent                             ..\libbip\libbip.a(proxy_import.o)
                                                  main.o
set_backlight_state                               ..\libbip\libbip.a(proxy_import.o)
                                                  main.o
set_bg_color                                      ..\libbip\libbip.a(proxy_import.o)
                                                  main.o
                                                  BipStatusbarLib.o
set_close_timer                                   ..\libbip\libbip.a(proxy_import.o)
set_display_state_value                           ..\libbip\libbip.a(proxy_import.o)
                                                  main.o
set_fg_color                                      ..\libbip\libbip.a(proxy_import.o)
                                                  main.o
                                                  BipStatusbarLib.o
set_flash_light_mode                              main.o
set_generic_data                                  ..\libbip\libbip.a(proxy_import.o)
                                                  main.o
set_graph_callback_to_ram_1                       ..\libbip\libbip.a(proxy_import.o)
                                                  main.o
set_hrm_mode                                      ..\libbip\libbip.a(proxy_import.o)
set_left_side_menu_active                         ..\libbip\libbip.a(proxy_import.o)
set_ptr_key_press_func                            ..\libbip\libbip.a(proxy_import.o)
set_ptr_long_key_press_func                       ..\libbip\libbip.a(proxy_import.o)
set_ptr_menu_dispatch_func                        ..\libbip\libbip.a(proxy_import.o)
set_ptr_screen_job_func                           ..\libbip\libbip.a(proxy_import.o)
set_ptr_show_menu_func                            ..\libbip\libbip.a(proxy_import.o)
set_update_period                                 ..\libbip\libbip.a(proxy_import.o)
                                                  main.o
set_var_current_screen                            ..\libbip\libbip.a(proxy_import.o)
set_var_menu_overlay                              ..\libbip\libbip.a(proxy_import.o)
set_var_swipe_screen_active_number                ..\libbip\libbip.a(proxy_import.o)
should_update_status                              main.o
show_alarm_set_screen                             ..\libbip\libbip.a(proxy_import.o)
show_big_digit                                    ..\libbip\libbip.a(proxy_import.o)
show_elf_res_by_id                                ..\libbip\libbip.a(proxy_import.o)
                                                  main.o
                                                  BipStatusbarLib.o
show_main_menu_item                               ..\libbip\libbip.a(proxy_import.o)
show_menu                                         ..\libbip\libbip.a(proxy_import.o)
show_menu_alipay                                  ..\libbip\libbip.a(proxy_import.o)
show_menu_animate                                 ..\libbip\libbip.a(proxy_import.o)
                                                  main.o
show_menu_options                                 ..\libbip\libbip.a(proxy_import.o)
show_menu_touch_test                              ..\libbip\libbip.a(proxy_import.o)
show_options_menu_1st_screen                      ..\libbip\libbip.a(proxy_import.o)
show_options_menu_2nd_screen                      ..\libbip\libbip.a(proxy_import.o)
show_poweroff_message                             ..\libbip\libbip.a(proxy_import.o)
show_res_by_id                                    ..\libbip\libbip.a(proxy_import.o)
show_screen                                       main.o
show_statusbar                                    BipStatusbarLib.o
                                                  main.o
show_watchface                                    ..\libbip\libbip.a(proxy_import.o)
                                                  main.o
silence_page_create_frame                         ..\libbip\libbip.a(proxy_import.o)
stm32_soft_reset                                  ..\libbip\libbip.a(proxy_import.o)
store_and_enable_alarm                            ..\libbip\libbip.a(proxy_import.o)
store_selected_lang                               ..\libbip\libbip.a(proxy_import.o)
switch_dnd_mode                                   main.o
switch_gps_pressure_sensors                       ..\libbip\libbip.a(proxy_import.o)
switch_to_screen                                  main.o
text_out                                          ..\libbip\libbip.a(proxy_import.o)
                                                  BipStatusbarLib.o
text_out_center                                   ..\libbip\libbip.a(proxy_import.o)
                                                  BipStatusbarLib.o
text_out_font                                     ..\libbip\libbip.a(proxy_import.o)
text_width                                        ..\libbip\libbip.a(proxy_import.o)
update_animation                                  main.o
vPortFree                                         ..\libbip\libbip.a(proxy_import.o)
vTaskDelay                                        ..\libbip\libbip.a(proxy_import.o)
vib                                               main.o
vibrate                                           ..\libbip\libbip.a(proxy_import.o)
                                                  main.o
write_flash                                       ..\libbip\libbip.a(proxy_import.o)
